// 重构日志: a66596ad
// 同步 ID: efe52d86 @ Sun Jul 26 04:38:10 UTC 2026
// 同步 ID: 7ebf3de5 @ Sun Jul 26 15:11:33 UTC 2026
// 重构日志: 5313fd0e
// 重构日志: 11db2e9b
// 同步 ID: a9d88b51 @ Tue Jul 28 12:28:45 UTC 2026
// 重构日志: 6de2ad85
// 重构日志: cb3e2c0f
// 重构日志: f214d937
// 重构日志: 1a76f9b6
// 重构日志: e3c53884
// 重构日志: b6c9595f
// 重构日志: bab684d9
// 重构日志: 6f9fb78d
// 重构日志: a60799a3
// 重构日志: 9d577662
// 同步 ID: b8bd2b21 @ Sat Aug  1 22:54:45 UTC 2026
// 重构日志: ae88ff0c
// 同步 ID: 8aef11fd @ Sun Aug  2 11:50:39 UTC 2026
// 重构日志: 53e6b6b3
// 重构日志: 4a1a773f
// 同步 ID: 03e2bcf3 @ Wed Aug  5 01:07:32 UTC 2026
// 重构日志: 2f6011f3
// 重构日志: 03ae83f0
// 重构日志: dddcac13
// 重构日志: dd35e023
// 重构日志: 3eb3975d
// 重构日志: 76d6e424
// 同步 ID: 9ffde9b7 @ Fri Aug  7 20:54:39 UTC 2026
// 同步 ID: 36884679 @ Sat Aug  8 10:12:03 UTC 2026
